Attaching to client1-1, client2-1, client3-1, client4-1, server-1
server-1   | 
server-1   | [Server] Federated Learning Server Started
server-1   | 
server-1   | [Strategy] EncryptedFedAvg | Clients: 4 | Rounds: 10
server-1   | 
server-1   | [Server] Listening at [::]:8080...
server-1   | 
client2-1  | [Client 2]  Connecting to server...
client2-1  | 
client4-1  | [Client 4]  Connecting to server...
client3-1  | [Client 3]  Connecting to server...
client3-1  | 
client4-1  | 
client1-1  | [Client 1]  Connecting to server...
client1-1  | 
client1-1  | [Client 1] Local training done....
                        Model weights prepared....
                        Encryption Applied....
                        Encrypted weights prepared....
client2-1  | [Client 2] Local training done....
                        Model weights prepared....
                        Encryption Applied....
                        Encrypted weights prepared....
client3-1  | [Client 3] Local training done....
                        Model weights prepared....
                        Encryption Applied....
                        Encrypted weights prepared....
client4-1  | [Client 4] Local training done....
                        Model weights prepared....
                        Encryption Applied....
                        Encrypted weights prepared....
client4-1  | [Client 4] FL Round started...
client1-1  | [Client 1] FL Round started...
client2-1  | [Client 2] FL Round started...
client3-1  | [Client 3] FL Round started...
client1-1  | [Client 1]  Encrypted weights sent to server...
client1-1  | [Client 1]  Round done.
client2-1  | [Client 2]  Encrypted weights sent to server...
client2-1  | [Client 2]  Round done.
client4-1  | [Client 4]  Encrypted weights sent to server...
client4-1  | [Client 4]  Round done.
client3-1  | [Client 3]  Encrypted weights sent to server...
client3-1  | [Client 3]  Round done.
server-1   | 
server-1   | [Round 1] Aggregating updates...
server-1   | 
client1-1  | [Client 1]  Encrypted weights sent to server...
client1-1  | [Client 1]  Round done.
client2-1  | [Client 2]  Encrypted weights sent to server...
client2-1  | [Client 2]  Round done.
client4-1  | [Client 4]  Encrypted weights sent to server...
client4-1  | [Client 4]  Round done.
client3-1  | [Client 3]  Encrypted weights sent to server...
client3-1  | [Client 3]  Round done.
server-1   | 
server-1   | [Round 2] Aggregating updates...
server-1   |
client1-1  | [Client 1]  Encrypted weights sent to server...
client1-1  | [Client 1]  Round done.
client2-1  | [Client 2]  Encrypted weights sent to server...
client2-1  | [Client 2]  Round done.
client4-1  | [Client 4]  Encrypted weights sent to server...
client4-1  | [Client 4]  Round done.
client3-1  | [Client 3]  Encrypted weights sent to server...
client3-1  | [Client 3]  Round done.
server-1   | 
server-1   | [Round 3] Aggregating updates...
server-1   |
client1-1  | [Client 1]  Encrypted weights sent to server...
client1-1  | [Client 1]  Round done.
client2-1  | [Client 2]  Encrypted weights sent to server...
client2-1  | [Client 2]  Round done.
client4-1  | [Client 4]  Encrypted weights sent to server...
client4-1  | [Client 4]  Round done.
client3-1  | [Client 3]  Encrypted weights sent to server...
client3-1  | [Client 3]  Round done.
server-1   | 
server-1   | [Round 4] Aggregating updates...
server-1   | 
client1-1  | [Client 1]  Encrypted weights sent to server...
client1-1  | [Client 1]  Round done.
client2-1  | [Client 2]  Encrypted weights sent to server...
client2-1  | [Client 2]  Round done.
client4-1  | [Client 4]  Encrypted weights sent to server...
client4-1  | [Client 4]  Round done.
client3-1  | [Client 3]  Encrypted weights sent to server...
client3-1  | [Client 3]  Round done.
server-1   | 
server-1   | [Round 5] Aggregating updates...
server-1   |
client1-1  | [Client 1]  Encrypted weights sent to server...
client1-1  | [Client 1]  Round done.
client2-1  | [Client 2]  Encrypted weights sent to server...
client2-1  | [Client 2]  Round done.
client4-1  | [Client 4]  Encrypted weights sent to server...
client4-1  | [Client 4]  Round done.
client3-1  | [Client 3]  Encrypted weights sent to server...
client3-1  | [Client 3]  Round done.
server-1   | 
server-1   | [Round 6] Aggregating updates...
server-1   |
client1-1  | [Client 1]  Encrypted weights sent to server...
client1-1  | [Client 1]  Round done.
client2-1  | [Client 2]  Encrypted weights sent to server...
client2-1  | [Client 2]  Round done.
client4-1  | [Client 4]  Encrypted weights sent to server...
client4-1  | [Client 4]  Round done.
client3-1  | [Client 3]  Encrypted weights sent to server...
client3-1  | [Client 3]  Round done.
server-1   | 
server-1   | [Round 7] Aggregating updates...
server-1   |
client1-1  | [Client 1]  Encrypted weights sent to server...
client1-1  | [Client 1]  Round done.
client2-1  | [Client 2]  Encrypted weights sent to server...
client2-1  | [Client 2]  Round done.
client4-1  | [Client 4]  Encrypted weights sent to server...
client4-1  | [Client 4]  Round done.
client3-1  | [Client 3]  Encrypted weights sent to server...
client3-1  | [Client 3]  Round done.
server-1   | 
server-1   | [Round 8] Aggregating updates...
server-1   |
client1-1  | [Client 1]  Encrypted weights sent to server...
client1-1  | [Client 1]  Round done.
client2-1  | [Client 2]  Encrypted weights sent to server...
client2-1  | [Client 2]  Round done.
client4-1  | [Client 4]  Encrypted weights sent to server...
client4-1  | [Client 4]  Round done.
client3-1  | [Client 3]  Encrypted weights sent to server...
client3-1  | [Client 3]  Round done.
server-1   | 
server-1   | [Round 9] Aggregating updates...
server-1   |
client1-1  | [Client 1]  Encrypted weights sent to server...
client1-1  | [Client 1]  Round done.
client2-1  | [Client 2]  Encrypted weights sent to server...
client2-1  | [Client 2]  Round done.
client4-1  | [Client 4]  Encrypted weights sent to server...
client4-1  | [Client 4]  Round done.
client3-1  | [Client 3]  Encrypted weights sent to server...
client3-1  | [Client 3]  Round done.
server-1   | 
server-1   | [Round 10] Aggregating updates...
server-1   | FL Rounds Completed....
server-1   | [Server] Aggregation successful.
server-1   | [Server] Sending aggregated encrypted model to clients.
server-1   |
client1-1  | [Client 1] Received updated model. Privacy Preserved.
client2-1  | [Client 2] Received updated model. Privacy Preserved.
client3-1  | [Client 3] Received updated model. Privacy Preserved.
client4-1  | [Client 4] Received updated model. Privacy Preserved.
server-1   | [Server] Shutting down.
server-1 exited with code 0

client1-1 exited with code 0
client4-1 exited with code 0
client3-1 exited with code 0
client2-1 exited with code 0
